// Jest Snapshot v1, https://goo.gl/fbAQLP

exports[`App component should load forecast data into state with correct shape 1`] = `
ShallowWrapper {
  Symbol(enzyme.__root__): [Circular],
  Symbol(enzyme.__unrendered__): <App />,
  Symbol(enzyme.__renderer__): Object {
    "batchedUpdates": [Function],
    "getNode": [Function],
    "render": [Function],
    "simulateError": [Function],
    "simulateEvent": [Function],
    "unmount": [Function],
  },
  Symbol(enzyme.__node__): Object {
    "instance": null,
    "key": undefined,
    "nodeType": "host",
    "props": Object {
      "children": Array [
        <header>
          <h1
            className="title"
          >
            Edinburgh forecast
          </h1>
        </header>,
        <div
          className="forecast"
        >
          <WeatherInfo
            date="2018-10-15"
            temperature={
              Object {
                "average": 7.95,
                "max": 12.09,
                "min": 6.12,
              }
            }
          />
          <WeatherInfo
            date="2018-10-16"
            temperature={
              Object {
                "average": 7.95,
                "max": 25.14,
                "min": 5.01,
              }
            }
          />
        </div>,
      ],
      "className": "app",
    },
    "ref": null,
    "rendered": Array [
      Object {
        "instance": null,
        "key": undefined,
        "nodeType": "host",
        "props": Object {
          "children": <h1
            className="title"
          >
            Edinburgh forecast
          </h1>,
        },
        "ref": null,
        "rendered": Object {
          "instance": null,
          "key": undefined,
          "nodeType": "host",
          "props": Object {
            "children": "Edinburgh forecast",
            "className": "title",
          },
          "ref": null,
          "rendered": "Edinburgh forecast",
          "type": "h1",
        },
        "type": "header",
      },
      Object {
        "instance": null,
        "key": undefined,
        "nodeType": "host",
        "props": Object {
          "children": Array [
            <WeatherInfo
              date="2018-10-15"
              temperature={
                Object {
                  "average": 7.95,
                  "max": 12.09,
                  "min": 6.12,
                }
              }
            />,
            <WeatherInfo
              date="2018-10-16"
              temperature={
                Object {
                  "average": 7.95,
                  "max": 25.14,
                  "min": 5.01,
                }
              }
            />,
          ],
          "className": "forecast",
        },
        "ref": null,
        "rendered": Array [
          Object {
            "instance": null,
            "key": "2018-10-15",
            "nodeType": "function",
            "props": Object {
              "date": "2018-10-15",
              "temperature": Object {
                "average": 7.95,
                "max": 12.09,
                "min": 6.12,
              },
            },
            "ref": null,
            "rendered": null,
            "type": [Function],
          },
          Object {
            "instance": null,
            "key": "2018-10-16",
            "nodeType": "function",
            "props": Object {
              "date": "2018-10-16",
              "temperature": Object {
                "average": 7.95,
                "max": 25.14,
                "min": 5.01,
              },
            },
            "ref": null,
            "rendered": null,
            "type": [Function],
          },
        ],
        "type": "div",
      },
    ],
    "type": "div",
  },
  Symbol(enzyme.__nodes__): Array [
    Object {
      "instance": null,
      "key": undefined,
      "nodeType": "host",
      "props": Object {
        "children": Array [
          <header>
            <h1
              className="title"
            >
              Edinburgh forecast
            </h1>
          </header>,
          <div
            className="forecast"
          >
            <WeatherInfo
              date="2018-10-15"
              temperature={
                Object {
                  "average": 7.95,
                  "max": 12.09,
                  "min": 6.12,
                }
              }
            />
            <WeatherInfo
              date="2018-10-16"
              temperature={
                Object {
                  "average": 7.95,
                  "max": 25.14,
                  "min": 5.01,
                }
              }
            />
          </div>,
        ],
        "className": "app",
      },
      "ref": null,
      "rendered": Array [
        Object {
          "instance": null,
          "key": undefined,
          "nodeType": "host",
          "props": Object {
            "children": <h1
              className="title"
            >
              Edinburgh forecast
            </h1>,
          },
          "ref": null,
          "rendered": Object {
            "instance": null,
            "key": undefined,
            "nodeType": "host",
            "props": Object {
              "children": "Edinburgh forecast",
              "className": "title",
            },
            "ref": null,
            "rendered": "Edinburgh forecast",
            "type": "h1",
          },
          "type": "header",
        },
        Object {
          "instance": null,
          "key": undefined,
          "nodeType": "host",
          "props": Object {
            "children": Array [
              <WeatherInfo
                date="2018-10-15"
                temperature={
                  Object {
                    "average": 7.95,
                    "max": 12.09,
                    "min": 6.12,
                  }
                }
              />,
              <WeatherInfo
                date="2018-10-16"
                temperature={
                  Object {
                    "average": 7.95,
                    "max": 25.14,
                    "min": 5.01,
                  }
                }
              />,
            ],
            "className": "forecast",
          },
          "ref": null,
          "rendered": Array [
            Object {
              "instance": null,
              "key": "2018-10-15",
              "nodeType": "function",
              "props": Object {
                "date": "2018-10-15",
                "temperature": Object {
                  "average": 7.95,
                  "max": 12.09,
                  "min": 6.12,
                },
              },
              "ref": null,
              "rendered": null,
              "type": [Function],
            },
            Object {
              "instance": null,
              "key": "2018-10-16",
              "nodeType": "function",
              "props": Object {
                "date": "2018-10-16",
                "temperature": Object {
                  "average": 7.95,
                  "max": 25.14,
                  "min": 5.01,
                },
              },
              "ref": null,
              "rendered": null,
              "type": [Function],
            },
          ],
          "type": "div",
        },
      ],
      "type": "div",
    },
  ],
  Symbol(enzyme.__options__): Object {
    "adapter": ReactSixteenAdapter {
      "options": Object {
        "enableComponentDidUpdateOnSetState": true,
        "lifecycles": Object {
          "componentDidUpdate": Object {
            "onSetState": true,
          },
          "getDerivedStateFromProps": true,
          "getSnapshotBeforeUpdate": true,
          "setState": Object {
            "skipsComponentDidUpdateOnNullish": true,
          },
        },
      },
    },
  },
}
`;
